Traceback (most recent call last):
  File "/work/scratch/dmonopoli/venv_gb10/lib/python3.12/site-packages/scipy/__init__.py", line 83, in <module>
    from scipy._lib._ccallback import LowLevelCallable
  File "/work/scratch/dmonopoli/venv_gb10/lib/python3.12/site-packages/scipy/_lib/_ccallback.py", line 1, in <module>
    from . import _ccallback_c
ImportError: cannot import name '_ccallback_c' from 'scipy._lib' (/work/scratch/dmonopoli/venv_gb10/lib/python3.12/site-packages/scipy/_lib/__init__.py)

The above exception was the direct cause of the following exception:

Traceback (most recent call last):
  File "<frozen runpy>", line 198, in _run_module_as_main
  File "<frozen runpy>", line 88, in _run_code
  File "/home/dmonopoli/FF-4DGS-Ego/scripts/train_hand_head.py", line 28, in <module>
    from diffsynth.auxiliary_models.worldmirror.models.models.worldmirror import WorldMirror
  File "/home/dmonopoli/FF-4DGS-Ego/diffsynth/__init__.py", line 2, in <module>
    from .models import *
  File "/home/dmonopoli/FF-4DGS-Ego/diffsynth/models/__init__.py", line 1, in <module>
    from .model_manager import *
  File "/home/dmonopoli/FF-4DGS-Ego/diffsynth/models/model_manager.py", line 4, in <module>
    from .downloader import download_models, download_customized_models, Preset_model_id, Preset_model_website
  File "/home/dmonopoli/FF-4DGS-Ego/diffsynth/models/downloader.py", line 6, in <module>
    from ..configs.model_config import preset_models_on_huggingface, preset_models_on_modelscope, Preset_model_id
  File "/home/dmonopoli/FF-4DGS-Ego/diffsynth/configs/model_config.py", line 13, in <module>
    from ..models.sd3_text_encoder import SD3TextEncoder1, SD3TextEncoder2, SD3TextEncoder3
  File "/home/dmonopoli/FF-4DGS-Ego/diffsynth/models/sd3_text_encoder.py", line 2, in <module>
    from transformers import T5EncoderModel, T5Config
  File "/work/scratch/dmonopoli/venv_gb10/lib/python3.12/site-packages/transformers/utils/import_utils.py", line 2317, in __getattr__
    module = self._get_module(self._class_to_module[name])
             ^^^^^^^^^^^^^^^^^^^^^^^^^^^^^^^^^^^^^^^^^^^^^
  File "/work/scratch/dmonopoli/venv_gb10/lib/python3.12/site-packages/transformers/utils/import_utils.py", line 2347, in _get_module
    raise e
  File "/work/scratch/dmonopoli/venv_gb10/lib/python3.12/site-packages/transformers/utils/import_utils.py", line 2345, in _get_module
    return importlib.import_module("." + module_name, self.__name__)
           ^^^^^^^^^^^^^^^^^^^^^^^^^^^^^^^^^^^^^^^^^^^^^^^^^^^^^^^^^
  File "/usr/lib/python3.12/importlib/__init__.py", line 90, in import_module
    return _bootstrap._gcd_import(name[level:], package, level)
           ^^^^^^^^^^^^^^^^^^^^^^^^^^^^^^^^^^^^^^^^^^^^^^^^^^^^
  File "/work/scratch/dmonopoli/venv_gb10/lib/python3.12/site-packages/transformers/models/t5/modeling_t5.py", line 31, in <module>
    from ...modeling_layers import GradientCheckpointingLayer
  File "/work/scratch/dmonopoli/venv_gb10/lib/python3.12/site-packages/transformers/modeling_layers.py", line 28, in <module>
    from .processing_utils import Unpack
  File "/work/scratch/dmonopoli/venv_gb10/lib/python3.12/site-packages/transformers/processing_utils.py", line 75, in <module>
    from .modeling_utils import PreTrainedAudioTokenizerBase
  File "/work/scratch/dmonopoli/venv_gb10/lib/python3.12/site-packages/transformers/modeling_utils.py", line 70, in <module>
    from .loss.loss_utils import LOSS_MAPPING
  File "/work/scratch/dmonopoli/venv_gb10/lib/python3.12/site-packages/transformers/loss/loss_utils.py", line 21, in <module>
    from .loss_d_fine import DFineForObjectDetectionLoss
  File "/work/scratch/dmonopoli/venv_gb10/lib/python3.12/site-packages/transformers/loss/loss_d_fine.py", line 21, in <module>
    from .loss_for_object_detection import (
  File "/work/scratch/dmonopoli/venv_gb10/lib/python3.12/site-packages/transformers/loss/loss_for_object_detection.py", line 28, in <module>
    from scipy.optimize import linear_sum_assignment
  File "/work/scratch/dmonopoli/venv_gb10/lib/python3.12/site-packages/scipy/__init__.py", line 88, in <module>
    raise ImportError(msg) from e
ImportError: The `scipy` install you are using seems to be broken, (extension modules cannot be imported), please try reinstalling.
