Traceback (most recent call last):
  File "<frozen runpy>", line 198, in _run_module_as_main
  File "<frozen runpy>", line 88, in _run_code
  File "/home/dmonopoli/FF-4DGS-Ego/scripts/train_hand_head.py", line 28, in <module>
    from diffsynth.auxiliary_models.worldmirror.models.models.worldmirror import WorldMirror
  File "/home/dmonopoli/FF-4DGS-Ego/diffsynth/__init__.py", line 2, in <module>
    from .models import *
  File "/home/dmonopoli/FF-4DGS-Ego/diffsynth/models/__init__.py", line 1, in <module>
    from .model_manager import *
  File "/home/dmonopoli/FF-4DGS-Ego/diffsynth/models/model_manager.py", line 4, in <module>
    from .downloader import download_models, download_customized_models, Preset_model_id, Preset_model_website
  File "/home/dmonopoli/FF-4DGS-Ego/diffsynth/models/downloader.py", line 6, in <module>
    from ..configs.model_config import preset_models_on_huggingface, preset_models_on_modelscope, Preset_model_id
  File "/home/dmonopoli/FF-4DGS-Ego/diffsynth/configs/model_config.py", line 13, in <module>
    from ..models.sd3_text_encoder import SD3TextEncoder1, SD3TextEncoder2, SD3TextEncoder3
  File "/home/dmonopoli/FF-4DGS-Ego/diffsynth/models/sd3_text_encoder.py", line 2, in <module>
    from transformers import T5EncoderModel, T5Config
  File "/work/scratch/dmonopoli/venv_gb10/lib/python3.12/site-packages/transformers/utils/import_utils.py", line 2317, in __getattr__
    module = self._get_module(self._class_to_module[name])
             ^^^^^^^^^^^^^^^^^^^^^^^^^^^^^^^^^^^^^^^^^^^^^
  File "/work/scratch/dmonopoli/venv_gb10/lib/python3.12/site-packages/transformers/utils/import_utils.py", line 2347, in _get_module
    raise e
  File "/work/scratch/dmonopoli/venv_gb10/lib/python3.12/site-packages/transformers/utils/import_utils.py", line 2345, in _get_module
    return importlib.import_module("." + module_name, self.__name__)
           ^^^^^^^^^^^^^^^^^^^^^^^^^^^^^^^^^^^^^^^^^^^^^^^^^^^^^^^^^
  File "/usr/lib/python3.12/importlib/__init__.py", line 90, in import_module
    return _bootstrap._gcd_import(name[level:], package, level)
           ^^^^^^^^^^^^^^^^^^^^^^^^^^^^^^^^^^^^^^^^^^^^^^^^^^^^
  File "/work/scratch/dmonopoli/venv_gb10/lib/python3.12/site-packages/transformers/models/t5/modeling_t5.py", line 28, in <module>
    from ...cache_utils import Cache, DynamicCache, EncoderDecoderCache
  File "/work/scratch/dmonopoli/venv_gb10/lib/python3.12/site-packages/transformers/cache_utils.py", line 7, in <module>
    from .configuration_utils import PretrainedConfig
  File "/work/scratch/dmonopoli/venv_gb10/lib/python3.12/site-packages/transformers/configuration_utils.py", line 27, in <module>
    from .modeling_gguf_pytorch_utils import load_gguf_checkpoint
  File "/work/scratch/dmonopoli/venv_gb10/lib/python3.12/site-packages/transformers/modeling_gguf_pytorch_utils.py", line 22, in <module>
    from .integrations import (
  File "/work/scratch/dmonopoli/venv_gb10/lib/python3.12/site-packages/transformers/utils/import_utils.py", line 2317, in __getattr__
    module = self._get_module(self._class_to_module[name])
             ^^^^^^^^^^^^^^^^^^^^^^^^^^^^^^^^^^^^^^^^^^^^^
  File "/work/scratch/dmonopoli/venv_gb10/lib/python3.12/site-packages/transformers/utils/import_utils.py", line 2347, in _get_module
    raise e
  File "/work/scratch/dmonopoli/venv_gb10/lib/python3.12/site-packages/transformers/utils/import_utils.py", line 2345, in _get_module
    return importlib.import_module("." + module_name, self.__name__)
           ^^^^^^^^^^^^^^^^^^^^^^^^^^^^^^^^^^^^^^^^^^^^^^^^^^^^^^^^^
  File "/usr/lib/python3.12/importlib/__init__.py", line 90, in import_module
    return _bootstrap._gcd_import(name[level:], package, level)
           ^^^^^^^^^^^^^^^^^^^^^^^^^^^^^^^^^^^^^^^^^^^^^^^^^^^^
  File "/work/scratch/dmonopoli/venv_gb10/lib/python3.12/site-packages/transformers/integrations/ggml.py", line 24, in <module>
    from tokenizers import Tokenizer, decoders, normalizers, pre_tokenizers, processors
  File "/work/scratch/dmonopoli/venv_gb10/lib/python3.12/site-packages/tokenizers/__init__.py", line 78, in <module>
    from .tokenizers import (  # type: ignore[import]
ImportError: /work/scratch/dmonopoli/venv_gb10/lib/python3.12/site-packages/tokenizers/tokenizers.abi3.so: cannot open shared object file: No such file or directory
