Traceback (most recent call last):
  File "<frozen runpy>", line 198, in _run_module_as_main
  File "<frozen runpy>", line 88, in _run_code
  File "/home/dmonopoli/FF-4DGS-Ego/scripts/train_hand_head.py", line 28, in <module>
    from diffsynth.auxiliary_models.worldmirror.models.models.worldmirror import WorldMirror
  File "/home/dmonopoli/FF-4DGS-Ego/diffsynth/__init__.py", line 3, in <module>
    from .prompters import *
  File "/home/dmonopoli/FF-4DGS-Ego/diffsynth/prompters/__init__.py", line 4, in <module>
    from .sd3_prompter import SD3Prompter
  File "/home/dmonopoli/FF-4DGS-Ego/diffsynth/prompters/sd3_prompter.py", line 4, in <module>
    from transformers import CLIPTokenizer, T5TokenizerFast
  File "/work/scratch/dmonopoli/venv_gb10/lib/python3.12/site-packages/transformers/utils/import_utils.py", line 2317, in __getattr__
    module = self._get_module(self._class_to_module[name])
             ^^^^^^^^^^^^^^^^^^^^^^^^^^^^^^^^^^^^^^^^^^^^^
  File "/work/scratch/dmonopoli/venv_gb10/lib/python3.12/site-packages/transformers/utils/import_utils.py", line 2347, in _get_module
    raise e
  File "/work/scratch/dmonopoli/venv_gb10/lib/python3.12/site-packages/transformers/utils/import_utils.py", line 2345, in _get_module
    return importlib.import_module("." + module_name, self.__name__)
           ^^^^^^^^^^^^^^^^^^^^^^^^^^^^^^^^^^^^^^^^^^^^^^^^^^^^^^^^^
  File "/usr/lib/python3.12/importlib/__init__.py", line 90, in import_module
    return _bootstrap._gcd_import(name[level:], package, level)
           ^^^^^^^^^^^^^^^^^^^^^^^^^^^^^^^^^^^^^^^^^^^^^^^^^^^^
  File "/work/scratch/dmonopoli/venv_gb10/lib/python3.12/site-packages/transformers/models/t5/tokenization_t5_fast.py", line 28, in <module>
    from .tokenization_t5 import T5Tokenizer
  File "/work/scratch/dmonopoli/venv_gb10/lib/python3.12/site-packages/transformers/models/t5/tokenization_t5.py", line 23, in <module>
    import sentencepiece as spm
  File "/work/scratch/dmonopoli/venv_gb10/lib/python3.12/site-packages/sentencepiece/__init__.py", line 10, in <module>
    from . import _sentencepiece
ImportError: cannot import name '_sentencepiece' from partially initialized module 'sentencepiece' (most likely due to a circular import) (/work/scratch/dmonopoli/venv_gb10/lib/python3.12/site-packages/sentencepiece/__init__.py)
