Traceback (most recent call last):
  File "<frozen runpy>", line 198, in _run_module_as_main
  File "<frozen runpy>", line 88, in _run_code
  File "/home/dmonopoli/FF-4DGS-Ego/scripts/train_hand_head.py", line 28, in <module>
    from diffsynth.auxiliary_models.worldmirror.models.models.worldmirror import WorldMirror
  File "/home/dmonopoli/FF-4DGS-Ego/diffsynth/__init__.py", line 2, in <module>
    from .models import *
  File "/home/dmonopoli/FF-4DGS-Ego/diffsynth/models/__init__.py", line 1, in <module>
    from .model_manager import *
  File "/home/dmonopoli/FF-4DGS-Ego/diffsynth/models/model_manager.py", line 4, in <module>
    from .downloader import download_models, download_customized_models, Preset_model_id, Preset_model_website
  File "/home/dmonopoli/FF-4DGS-Ego/diffsynth/models/downloader.py", line 6, in <module>
    from ..configs.model_config import preset_models_on_huggingface, preset_models_on_modelscope, Preset_model_id
  File "/home/dmonopoli/FF-4DGS-Ego/diffsynth/configs/model_config.py", line 76, in <module>
    from ..auxiliary_models import WorldMirror, DepthAnything3Reconstructor
  File "/home/dmonopoli/FF-4DGS-Ego/diffsynth/auxiliary_models/__init__.py", line 2, in <module>
    from .depth_anything_3.neoverse_adapter import DepthAnything3Reconstructor
  File "/home/dmonopoli/FF-4DGS-Ego/diffsynth/auxiliary_models/depth_anything_3/neoverse_adapter.py", line 5, in <module>
    from .api import DepthAnything3
  File "/home/dmonopoli/FF-4DGS-Ego/diffsynth/auxiliary_models/depth_anything_3/api.py", line 36, in <module>
    from .utils.io.input_processor import InputProcessor
  File "/home/dmonopoli/FF-4DGS-Ego/diffsynth/auxiliary_models/depth_anything_3/utils/io/input_processor.py", line 25, in <module>
    import cv2
  File "/work/scratch/dmonopoli/venv_gb10/lib/python3.12/site-packages/cv2/__init__.py", line 181, in <module>
    bootstrap()
  File "/work/scratch/dmonopoli/venv_gb10/lib/python3.12/site-packages/cv2/__init__.py", line 153, in bootstrap
    native_module = importlib.import_module("cv2")
                    ^^^^^^^^^^^^^^^^^^^^^^^^^^^^^^
  File "/usr/lib/python3.12/importlib/__init__.py", line 90, in import_module
    return _bootstrap._gcd_import(name[level:], package, level)
           ^^^^^^^^^^^^^^^^^^^^^^^^^^^^^^^^^^^^^^^^^^^^^^^^^^^^
ImportError: /work/scratch/dmonopoli/venv_gb10/lib/python3.12/site-packages/cv2/cv2.abi3.so: cannot open shared object file: No such file or directory
