Traceback (most recent call last):
  File "<frozen runpy>", line 198, in _run_module_as_main
  File "<frozen runpy>", line 88, in _run_code
  File "/home/dmonopoli/FF-4DGS-Ego/scripts/train_hand_head.py", line 28, in <module>
    from diffsynth.auxiliary_models.worldmirror.models.models.worldmirror import WorldMirror
  File "/home/dmonopoli/FF-4DGS-Ego/diffsynth/__init__.py", line 2, in <module>
    from .models import *
  File "/home/dmonopoli/FF-4DGS-Ego/diffsynth/models/__init__.py", line 1, in <module>
    from .model_manager import *
  File "/home/dmonopoli/FF-4DGS-Ego/diffsynth/models/model_manager.py", line 4, in <module>
    from .downloader import download_models, download_customized_models, Preset_model_id, Preset_model_website
  File "/home/dmonopoli/FF-4DGS-Ego/diffsynth/models/downloader.py", line 6, in <module>
    from ..configs.model_config import preset_models_on_huggingface, preset_models_on_modelscope, Preset_model_id
  File "/home/dmonopoli/FF-4DGS-Ego/diffsynth/configs/model_config.py", line 76, in <module>
    from ..auxiliary_models import WorldMirror, DepthAnything3Reconstructor
  File "/home/dmonopoli/FF-4DGS-Ego/diffsynth/auxiliary_models/__init__.py", line 1, in <module>
    from .worldmirror.models.models.worldmirror import WorldMirror
  File "/home/dmonopoli/FF-4DGS-Ego/diffsynth/auxiliary_models/worldmirror/models/models/worldmirror.py", line 12, in <module>
    from .rasterization import GaussianSplatRenderer
  File "/home/dmonopoli/FF-4DGS-Ego/diffsynth/auxiliary_models/worldmirror/models/models/rasterization.py", line 11, in <module>
    from gsplat.rendering import rasterization
ModuleNotFoundError: No module named 'gsplat'
